// Jest Snapshot v1, https://goo.gl/fbAQLP

exports[`<NavItemsComponent /> take snapshot for navItemsComponent 1`] = `
ShallowWrapper {
  Symbol(enzyme.__root__): [Circular],
  Symbol(enzyme.__unrendered__): <NavItemsComponent />,
  Symbol(enzyme.__renderer__): Object {
    "batchedUpdates": [Function],
    "getNode": [Function],
    "render": [Function],
    "simulateError": [Function],
    "simulateEvent": [Function],
    "unmount": [Function],
  },
  Symbol(enzyme.__node__): Object {
    "instance": null,
    "key": undefined,
    "nodeType": "function",
    "props": Object {
      "children": Array [
        <NavItem
          tag="li"
        >
          <Link
            className="nav-link"
            replace={false}
            to="/admin-panel"
          >
            Admin panel
          </Link>
        </NavItem>,
        <NavItem
          tag="li"
        >
          <Link
            className="nav-link"
            replace={false}
            to="/ship-info"
          >
            Get gift
          </Link>
        </NavItem>,
      ],
    },
    "ref": null,
    "rendered": Array [
      Object {
        "instance": null,
        "key": undefined,
        "nodeType": "function",
        "props": Object {
          "children": <Link
            className="nav-link"
            replace={false}
            to="/admin-panel"
          >
            Admin panel
          </Link>,
          "tag": "li",
        },
        "ref": null,
        "rendered": Object {
          "instance": null,
          "key": undefined,
          "nodeType": "class",
          "props": Object {
            "children": "Admin panel",
            "className": "nav-link",
            "replace": false,
            "to": "/admin-panel",
          },
          "ref": null,
          "rendered": "Admin panel",
          "type": [Function],
        },
        "type": [Function],
      },
      Object {
        "instance": null,
        "key": undefined,
        "nodeType": "function",
        "props": Object {
          "children": <Link
            className="nav-link"
            replace={false}
            to="/ship-info"
          >
            Get gift
          </Link>,
          "tag": "li",
        },
        "ref": null,
        "rendered": Object {
          "instance": null,
          "key": undefined,
          "nodeType": "class",
          "props": Object {
            "children": "Get gift",
            "className": "nav-link",
            "replace": false,
            "to": "/ship-info",
          },
          "ref": null,
          "rendered": "Get gift",
          "type": [Function],
        },
        "type": [Function],
      },
    ],
    "type": Symbol(react.fragment),
  },
  Symbol(enzyme.__nodes__): Array [
    Object {
      "instance": null,
      "key": undefined,
      "nodeType": "function",
      "props": Object {
        "children": Array [
          <NavItem
            tag="li"
          >
            <Link
              className="nav-link"
              replace={false}
              to="/admin-panel"
            >
              Admin panel
            </Link>
          </NavItem>,
          <NavItem
            tag="li"
          >
            <Link
              className="nav-link"
              replace={false}
              to="/ship-info"
            >
              Get gift
            </Link>
          </NavItem>,
        ],
      },
      "ref": null,
      "rendered": Array [
        Object {
          "instance": null,
          "key": undefined,
          "nodeType": "function",
          "props": Object {
            "children": <Link
              className="nav-link"
              replace={false}
              to="/admin-panel"
            >
              Admin panel
            </Link>,
            "tag": "li",
          },
          "ref": null,
          "rendered": Object {
            "instance": null,
            "key": undefined,
            "nodeType": "class",
            "props": Object {
              "children": "Admin panel",
              "className": "nav-link",
              "replace": false,
              "to": "/admin-panel",
            },
            "ref": null,
            "rendered": "Admin panel",
            "type": [Function],
          },
          "type": [Function],
        },
        Object {
          "instance": null,
          "key": undefined,
          "nodeType": "function",
          "props": Object {
            "children": <Link
              className="nav-link"
              replace={false}
              to="/ship-info"
            >
              Get gift
            </Link>,
            "tag": "li",
          },
          "ref": null,
          "rendered": Object {
            "instance": null,
            "key": undefined,
            "nodeType": "class",
            "props": Object {
              "children": "Get gift",
              "className": "nav-link",
              "replace": false,
              "to": "/ship-info",
            },
            "ref": null,
            "rendered": "Get gift",
            "type": [Function],
          },
          "type": [Function],
        },
      ],
      "type": Symbol(react.fragment),
    },
  ],
  Symbol(enzyme.__options__): Object {
    "adapter": ReactSixteenAdapter {
      "options": Object {
        "enableComponentDidUpdateOnSetState": true,
        "lifecycles": Object {
          "componentDidUpdate": Object {
            "onSetState": true,
          },
          "getDerivedStateFromProps": true,
          "getSnapshotBeforeUpdate": true,
          "setState": Object {
            "skipsComponentDidUpdateOnNullish": true,
          },
        },
      },
    },
  },
}
`;
