// Jest Snapshot v1, https://goo.gl/fbAQLP

exports[`InputComponent make snapshot for InputComponent 1`] = `
ShallowWrapper {
  Symbol(enzyme.__root__): [Circular],
  Symbol(enzyme.__unrendered__): <InputComponent />,
  Symbol(enzyme.__renderer__): Object {
    "batchedUpdates": [Function],
    "getNode": [Function],
    "render": [Function],
    "simulateError": [Function],
    "simulateEvent": [Function],
    "unmount": [Function],
  },
  Symbol(enzyme.__node__): Object {
    "instance": null,
    "key": undefined,
    "nodeType": "function",
    "props": Object {
      "children": Array [
        <Label
          tag="label"
          widths={
            Array [
              "xs",
              "sm",
              "md",
              "lg",
              "xl",
            ]
          }
        />,
        <Input
          invalid={true}
          required={false}
          type="number"
        />,
        <div
          className="error-text"
        />,
      ],
      "row": true,
      "tag": "div",
    },
    "ref": null,
    "rendered": Array [
      Object {
        "instance": null,
        "key": undefined,
        "nodeType": "function",
        "props": Object {
          "children": undefined,
          "for": undefined,
          "tag": "label",
          "widths": Array [
            "xs",
            "sm",
            "md",
            "lg",
            "xl",
          ],
        },
        "ref": null,
        "rendered": null,
        "type": [Function],
      },
      Object {
        "instance": null,
        "key": undefined,
        "nodeType": "class",
        "props": Object {
          "disabled": undefined,
          "id": undefined,
          "invalid": true,
          "name": undefined,
          "onChange": undefined,
          "placeholder": undefined,
          "required": false,
          "type": "number",
          "value": undefined,
        },
        "ref": null,
        "rendered": null,
        "type": [Function],
      },
      Object {
        "instance": null,
        "key": undefined,
        "nodeType": "host",
        "props": Object {
          "children": undefined,
          "className": "error-text",
        },
        "ref": null,
        "rendered": null,
        "type": "div",
      },
    ],
    "type": [Function],
  },
  Symbol(enzyme.__nodes__): Array [
    Object {
      "instance": null,
      "key": undefined,
      "nodeType": "function",
      "props": Object {
        "children": Array [
          <Label
            tag="label"
            widths={
              Array [
                "xs",
                "sm",
                "md",
                "lg",
                "xl",
              ]
            }
          />,
          <Input
            invalid={true}
            required={false}
            type="number"
          />,
          <div
            className="error-text"
          />,
        ],
        "row": true,
        "tag": "div",
      },
      "ref": null,
      "rendered": Array [
        Object {
          "instance": null,
          "key": undefined,
          "nodeType": "function",
          "props": Object {
            "children": undefined,
            "for": undefined,
            "tag": "label",
            "widths": Array [
              "xs",
              "sm",
              "md",
              "lg",
              "xl",
            ],
          },
          "ref": null,
          "rendered": null,
          "type": [Function],
        },
        Object {
          "instance": null,
          "key": undefined,
          "nodeType": "class",
          "props": Object {
            "disabled": undefined,
            "id": undefined,
            "invalid": true,
            "name": undefined,
            "onChange": undefined,
            "placeholder": undefined,
            "required": false,
            "type": "number",
            "value": undefined,
          },
          "ref": null,
          "rendered": null,
          "type": [Function],
        },
        Object {
          "instance": null,
          "key": undefined,
          "nodeType": "host",
          "props": Object {
            "children": undefined,
            "className": "error-text",
          },
          "ref": null,
          "rendered": null,
          "type": "div",
        },
      ],
      "type": [Function],
    },
  ],
  Symbol(enzyme.__options__): Object {
    "adapter": ReactSixteenAdapter {
      "options": Object {
        "enableComponentDidUpdateOnSetState": true,
        "lifecycles": Object {
          "componentDidUpdate": Object {
            "onSetState": true,
          },
          "getDerivedStateFromProps": true,
          "getSnapshotBeforeUpdate": true,
          "setState": Object {
            "skipsComponentDidUpdateOnNullish": true,
          },
        },
      },
    },
  },
}
`;
